{
    "Validate ica untar genome bundle": {
        "content": [
            {
                "versions_ica_untargenomebundle": [
                    [
                        "ICA_UNTARGENOMEBUNDLE",
                        "tar",
                        "1.34"
                    ]
                ]
            }
        ],
        "timestamp": "2026-08-31T11:23:15.672213",
        "meta": {
            "nf-test": "0.9.5",
            "nextflow": "26.04.6"
        }
    }
}