{
    "Validate genome untar": {
        "content": [
            {
                "versions_untar_genome": [
                    [
                        "UNTAR_GENOME",
                        "UNTAR",
                        "1.0.0"
                    ]
                ]
            }
        ],
        "timestamp": "2026-08-21T11:44:44.991954",
        "meta": {
            "nf-test": "0.9.5",
            "nextflow": "26.04.6"
        }
    }
}