{
    "dragen - stub": {
        "content": [
            {
                "0": [
                    [
                        {
                            "id": "sample1"
                        },
                        [
                            "sample1.bam:md5,d41d8cd98f00b204e9800998ecf8427e",
                            "sample1.cnv_metrics.csv:md5,d41d8cd98f00b204e9800998ecf8427e",
                            "sample1.gvcf_metrics.csv:md5,d41d8cd98f00b204e9800998ecf8427e",
                            "sample1.mapping_metrics.csv:md5,d41d8cd98f00b204e9800998ecf8427e",
                            "sample1.ploidy_estimation_metrics.csv:md5,d41d8cd98f00b204e9800998ecf8427e",
                            "sample1.wgs_coverage_metrics.csv:md5,d41d8cd98f00b204e9800998ecf8427e"
                        ]
                    ]
                ],
                "1": [
                    [
                        {
                            "id": "sample1"
                        },
                        [
                            "sample1.cnv_metrics.csv:md5,d41d8cd98f00b204e9800998ecf8427e",
                            "sample1.gvcf_metrics.csv:md5,d41d8cd98f00b204e9800998ecf8427e",
                            "sample1.mapping_metrics.csv:md5,d41d8cd98f00b204e9800998ecf8427e",
                            "sample1.ploidy_estimation_metrics.csv:md5,d41d8cd98f00b204e9800998ecf8427e",
                            "sample1.wgs_coverage_metrics.csv:md5,d41d8cd98f00b204e9800998ecf8427e"
                        ]
                    ]
                ],
                "2": [
                    [
                        {
                            "id": "sample1"
                        },
                        "sample1.wgs_coverage_metrics.csv:md5,d41d8cd98f00b204e9800998ecf8427e"
                    ]
                ],
                "3": [
                    [
                        {
                            "id": "sample1"
                        },
                        "sample1.cnv_metrics.csv:md5,d41d8cd98f00b204e9800998ecf8427e"
                    ]
                ],
                "4": [
                    [
                        {
                            "id": "sample1"
                        },
                        "sample1.mapping_metrics.csv:md5,d41d8cd98f00b204e9800998ecf8427e"
                    ]
                ],
                "5": [
                    [
                        {
                            "id": "sample1"
                        },
                        "sample1.ploidy_estimation_metrics.csv:md5,d41d8cd98f00b204e9800998ecf8427e"
                    ]
                ],
                "6": [
                    [
                        {
                            "id": "sample1"
                        },
                        "sample1.gvcf_metrics.csv:md5,d41d8cd98f00b204e9800998ecf8427e"
                    ]
                ],
                "7": [
                    [
                        "DRAGEN",
                        "dragen",
                        "bash: line 1: dragen: command not found"
                    ]
                ],
                "cnv_metrics": [
                    [
                        {
                            "id": "sample1"
                        },
                        "sample1.cnv_metrics.csv:md5,d41d8cd98f00b204e9800998ecf8427e"
                    ]
                ],
                "csv": [
                    [
                        {
                            "id": "sample1"
                        },
                        [
                            "sample1.cnv_metrics.csv:md5,d41d8cd98f00b204e9800998ecf8427e",
                            "sample1.gvcf_metrics.csv:md5,d41d8cd98f00b204e9800998ecf8427e",
                            "sample1.mapping_metrics.csv:md5,d41d8cd98f00b204e9800998ecf8427e",
                            "sample1.ploidy_estimation_metrics.csv:md5,d41d8cd98f00b204e9800998ecf8427e",
                            "sample1.wgs_coverage_metrics.csv:md5,d41d8cd98f00b204e9800998ecf8427e"
                        ]
                    ]
                ],
                "gvcf_metrics": [
                    [
                        {
                            "id": "sample1"
                        },
                        "sample1.gvcf_metrics.csv:md5,d41d8cd98f00b204e9800998ecf8427e"
                    ]
                ],
                "mapping_metrics": [
                    [
                        {
                            "id": "sample1"
                        },
                        "sample1.mapping_metrics.csv:md5,d41d8cd98f00b204e9800998ecf8427e"
                    ]
                ],
                "output": [
                    [
                        {
                            "id": "sample1"
                        },
                        [
                            "sample1.bam:md5,d41d8cd98f00b204e9800998ecf8427e",
                            "sample1.cnv_metrics.csv:md5,d41d8cd98f00b204e9800998ecf8427e",
                            "sample1.gvcf_metrics.csv:md5,d41d8cd98f00b204e9800998ecf8427e",
                            "sample1.mapping_metrics.csv:md5,d41d8cd98f00b204e9800998ecf8427e",
                            "sample1.ploidy_estimation_metrics.csv:md5,d41d8cd98f00b204e9800998ecf8427e",
                            "sample1.wgs_coverage_metrics.csv:md5,d41d8cd98f00b204e9800998ecf8427e"
                        ]
                    ]
                ],
                "ploidy_estimation_metrics": [
                    [
                        {
                            "id": "sample1"
                        },
                        "sample1.ploidy_estimation_metrics.csv:md5,d41d8cd98f00b204e9800998ecf8427e"
                    ]
                ],
                "versions_dragen": [
                    [
                        "DRAGEN",
                        "dragen",
                        "bash: line 1: dragen: command not found"
                    ]
                ],
                "wgs_coverage_metrics": [
                    [
                        {
                            "id": "sample1"
                        },
                        "sample1.wgs_coverage_metrics.csv:md5,d41d8cd98f00b204e9800998ecf8427e"
                    ]
                ]
            },
            {
                "versions_dragen": [
                    [
                        "DRAGEN",
                        "dragen",
                        "bash: line 1: dragen: command not found"
                    ]
                ]
            }
        ],
        "timestamp": "2026-08-18T11:08:58.003281",
        "meta": {
            "nf-test": "0.9.5",
            "nextflow": "25.10.2"
        }
    }
}