{
    "Test Ancestry KNN calculations": {
        "content": [
            [
                [
                    {
                        "id": "eigenvec"
                    },
                    "eigenvec_knn.tsv:md5,bab411a7128384b8a5db6729cf144888"
                ]
            ],
            {
                "versions_ancestry_knn": [
                    [
                        "ANCESTRY_CALC",
                        "ancestry_knn",
                        "1.0.0"
                    ]
                ]
            }
        ],
        "meta": {
            "nf-test": "0.9.3",
            "nextflow": "25.10.4"
        },
        "timestamp": "2026-07-20T16:38:30.489586"
    }
}