{
    "Validate genome untar and processing": {
        "content": [
            [
                [
                    {
                        "id": "genome"
                    },
                    "genome.fa:md5,d41d8cd98f00b204e9800998ecf8427e"
                ]
            ],
            [
                [
                    {
                        "id": "genome"
                    },
                    "genome.fa.fai:md5,d41d8cd98f00b204e9800998ecf8427e"
                ]
            ],
            [
                [
                    {
                        "id": "genome"
                    },
                    "genome.dict:md5,d41d8cd98f00b204e9800998ecf8427e"
                ]
            ]
        ],
        "timestamp": "2026-08-28T11:17:28.177762",
        "meta": {
            "nf-test": "0.9.5",
            "nextflow": "26.04.6"
        }
    }
}