{
    "Test merging PRS result files": {
        "content": [
            [
                "prs_scores_mqc.tsv:md5,ebcda47862ca9c941117357edb6ccd65"
            ],
            {
                "versions_prs_utils_merge_prs_mqc": [
                    [
                        "PRSUTILS_MERGEPRSMQC",
                        "prsutils",
                        "1.0.0"
                    ]
                ]
            }
        ],
        "meta": {
            "nf-test": "0.9.3",
            "nextflow": "25.10.4"
        },
        "timestamp": "2026-07-23T16:54:27.848942"
    }
}