{
    "Test two sample PGS normalisation": {
        "content": [
            [
                [
                    {
                        "id": "test_panel",
                        "mu": "-0.424",
                        "sd": "0.611"
                    },
                    "test_panel_normalised_counts.tsv:md5,a6e8cd0360761425f2bfe13ebf369c63"
                ]
            ],
            {
                "versions_prs_utils_norm": [
                    [
                        "PRSUTILS_NORM",
                        "prsutils",
                        "1.0.0"
                    ]
                ]
            }
        ],
        "meta": {
            "nf-test": "0.9.3",
            "nextflow": "25.10.4"
        },
        "timestamp": "2026-07-23T16:54:35.019836"
    }
}