{
    "versions": {
        "content": null,
        "meta": {
            "nf-test": "0.9.3",
            "nextflow": "25.10.4"
        },
        "timestamp": "2026-07-23T16:53:53.512759"
    },
    "plink2_vcf": {
        "content": [
            {
                "0": [
                    [
                        {
                            "id": "test",
                            "single_end": false
                        },
                        "test.pgen:md5,d66d3cd4a6c9cca1a4073d7f4b277041"
                    ]
                ],
                "1": [
                    [
                        {
                            "id": "test",
                            "single_end": false
                        },
                        "test.psam:md5,f39f07c2507336388a8a6450ffa86bca"
                    ]
                ],
                "2": [
                    [
                        {
                            "id": "test",
                            "single_end": false
                        },
                        "test.pvar:md5,3d30116c125db07c9bc799445f504428"
                    ]
                ],
                "3": [
                    [
                        {
                            "id": "test",
                            "single_end": false
                        },
                        "test.pvar.zst:md5,f9281e259841682b800087d319cfa50e"
                    ]
                ],
                "4": [
                    [
                        {
                            "id": "test",
                            "single_end": false
                        },
                        "test.afreq:md5,35d209fa074db6819022ed1ec9859b8b"
                    ]
                ],
                "5": [
                    [
                        {
                            "id": "test",
                            "single_end": false
                        },
                        "test.afreq.gz:md5,35d209fa074db6819022ed1ec9859b8b"
                    ]
                ],
                "6": [
                    [
                        {
                            "id": "test",
                            "single_end": false
                        },
                        "test.vmiss:md5,aad44424e69249cee73a97bfad47686a"
                    ]
                ],
                "7": [
                    [
                        {
                            "id": "test",
                            "single_end": false
                        },
                        "test.vmiss.gz:md5,aad44424e69249cee73a97bfad47686a"
                    ]
                ],
                "8": [
                    [
                        "PLINK2_VCFEXPANDED",
                        "plink2",
                        "2.00a2.3LM"
                    ]
                ],
                "afreq": [
                    [
                        {
                            "id": "test",
                            "single_end": false
                        },
                        "test.afreq:md5,35d209fa074db6819022ed1ec9859b8b"
                    ]
                ],
                "afreq_gz": [
                    [
                        {
                            "id": "test",
                            "single_end": false
                        },
                        "test.afreq.gz:md5,35d209fa074db6819022ed1ec9859b8b"
                    ]
                ],
                "pgen": [
                    [
                        {
                            "id": "test",
                            "single_end": false
                        },
                        "test.pgen:md5,d66d3cd4a6c9cca1a4073d7f4b277041"
                    ]
                ],
                "psam": [
                    [
                        {
                            "id": "test",
                            "single_end": false
                        },
                        "test.psam:md5,f39f07c2507336388a8a6450ffa86bca"
                    ]
                ],
                "pvar": [
                    [
                        {
                            "id": "test",
                            "single_end": false
                        },
                        "test.pvar:md5,3d30116c125db07c9bc799445f504428"
                    ]
                ],
                "pvar_zst": [
                    [
                        {
                            "id": "test",
                            "single_end": false
                        },
                        "test.pvar.zst:md5,f9281e259841682b800087d319cfa50e"
                    ]
                ],
                "versions_plink2": [
                    [
                        "PLINK2_VCFEXPANDED",
                        "plink2",
                        "2.00a2.3LM"
                    ]
                ],
                "vmiss": [
                    [
                        {
                            "id": "test",
                            "single_end": false
                        },
                        "test.vmiss:md5,aad44424e69249cee73a97bfad47686a"
                    ]
                ],
                "vmiss_gz": [
                    [
                        {
                            "id": "test",
                            "single_end": false
                        },
                        "test.vmiss.gz:md5,aad44424e69249cee73a97bfad47686a"
                    ]
                ]
            }
        ],
        "meta": {
            "nf-test": "0.9.3",
            "nextflow": "25.10.4"
        },
        "timestamp": "2026-07-23T16:53:53.546286"
    }
}