{
    "Test BCAC_313 SNP list": {
        "content": [
            [
                [
                    {
                        "id": "BCAC_313"
                    },
                    "BCAC_313_snplist.list:md5,3e21c088d2044dcf23e4f300fa7e5e72"
                ]
            ],
            {
                "versions_SNPlist": [
                    [
                        "PRSUTILS_SNPLIST",
                        "prsutils",
                        "1.0.0"
                    ]
                ]
            }
        ],
        "meta": {
            "nf-test": "0.9.3",
            "nextflow": "25.10.4"
        },
        "timestamp": "2026-07-23T16:52:06.992119"
    }
}